<UIView; frame = (0 0; 300 400); autoresize = W+H; layer = <CALayer>>
   | <UIStackView; frame = (15 0; 270 385); layer = <CATransformLayer>>
   |    | <SheetyColors.PreviewColorView; frame = (0 0; 270 235); gestureRecognizers = <NSArray>; layer = <CALayer>>
   |    |    | <CALayer> (layer)
   |    |    | <CALayer> (layer)
   |    |    | <UIStackView; frame = (10 10; 147.667 34); layer = <CATransformLayer>>
   |    |    |    | <UIStackView; frame = (0 0; 28.3333 34); layer = <CATransformLayer>>
   |    |    |    |    | <UILabel; frame = (0 0; 28.3333 17); text = 'HSB'; alpha = 0; userInteractionEnabled = NO; animations = { opacity=<CABasicAnimation>; }; layer = <_UILabelLayer>>
   |    |    |    |    | <UILabel; frame = (0 17; 28.3333 17); text = 'HEX'; alpha = 0; userInteractionEnabled = NO; animations = { opacity=<CABasicAnimation>; }; layer = <_UILabelLayer>>
   |    |    |    | <UIStackView; frame = (36.3333 0; 111.333 34); layer = <CATransformLayer>>
   |    |    |    |    | <UILabel; frame = (0 0; 111.333 17); text = '210 100 50 75%'; alpha = 0; userInteractionEnabled = NO; animations = { opacity=<CABasicAnimation>; }; layer = <_UILabelLayer>>
   |    |    |    |    | <UILabel; frame = (0 17; 111.333 17); text = '003F7F'; alpha = 0; userInteractionEnabled = NO; animations = { opacity=<CABasicAnimation>; }; layer = <_UILabelLayer>>
   |    |    | <UIButton; frame = (238 10; 22 22); opaque = NO; tintColor = UIExtendedGrayColorSpace 1 1; layer = <CALayer>>
   |    |    |    | <UIImageView; frame = (0 0; 22 22); clipsToBounds = YES; opaque = NO; userInteractionEnabled = NO; layer = <CALayer>>
   |    | <SheetyColors.GradientSlider; baseClass = UIControl; frame = (-2 241; 274 48); layer = <CALayer>>
   |    |    | <CAGradientLayer> (layer)
   |    |    | <CALayer> (layer)
   |    |    |    | <CALayer> (layer)
   |    |    |    | <_TtC12SheetyColorsP33_484746A459ABDEEC544DEF4AF835257327VerticallyCenteredTextLayer> (layer)
   |    | <SheetyColors.GradientSlider; baseClass = UIControl; frame = (-2 291; 274 48); layer = <CALayer>>
   |    |    | <CAGradientLayer> (layer)
   |    |    | <CALayer> (layer)
   |    |    |    | <CALayer> (layer)
   |    |    |    | <_TtC12SheetyColorsP33_484746A459ABDEEC544DEF4AF835257327VerticallyCenteredTextLayer> (layer)
   |    | <SheetyColors.GradientSlider; baseClass = UIControl; frame = (-2 341; 274 48); layer = <CALayer>>
   |    |    | <CAGradientLayer> (layer)
   |    |    | <CALayer> (layer)
   |    |    |    | <CALayer> (layer)
   |    |    |    | <_TtC12SheetyColorsP33_484746A459ABDEEC544DEF4AF835257327VerticallyCenteredTextLayer> (layer)